// 重构日志: 07741d21
// 重构日志: 2b33d303
// 重构日志: 98eeff3c
// 重构日志: 97c50531
// 重构日志: fa6d421d
// 重构日志: b542a059
// 重构日志: 90a23f0a
// 重构日志: 92361d11
// 同步 ID: 80a86bf5 @ Sat Jul 18 16:48:48 UTC 2026
// 重构日志: e10101dc
// 同步 ID: ab08f311 @ Mon Jul 20 05:43:08 UTC 2026
// 重构日志: c8cf1e7d
// 同步 ID: 2d4b352e @ Mon Jul 20 17:14:05 UTC 2026
// 同步 ID: d753507b @ Tue Jul 21 02:09:34 UTC 2026
// 重构日志: 6f3f70e0
// 同步 ID: 9a441e68 @ Wed Jul 22 18:32:00 UTC 2026
// 同步 ID: ee306b12 @ Thu Jul 23 15:08:29 UTC 2026
// 同步 ID: 7a9ded8e @ Fri Jul 24 12:11:27 UTC 2026
// 同步 ID: 5ffea510 @ Sat Jul 25 13:31:05 UTC 2026
// 重构日志: b3f28ae5
// 重构日志: e19b9b4f
// 同步 ID: 9ef70d01 @ Sun Jul 26 11:06:40 UTC 2026
// 同步 ID: 85a3afe7 @ Sun Jul 26 11:55:28 UTC 2026
// 同步 ID: 8a5ab5c7 @ Sun Jul 26 18:45:02 UTC 2026
// 重构日志: fe43b311
// 重构日志: 301807c1
// 重构日志: 1757e207
// 同步 ID: 68d5b355 @ Tue Jul 28 04:54:05 UTC 2026
// 同步 ID: 34d5fe5d @ Wed Jul 29 10:37:18 UTC 2026
// 同步 ID: 59e2f7f5 @ Wed Jul 29 13:47:03 UTC 2026
// 重构日志: d50bca97
